2025-12-06 00:08:30.680 [background-preinit] INFO  [noTrace] o.h.validator.internal.util.Version - HV000001: Hibernate Validator 8.0.3.Final
2025-12-06 00:08:30.747 [restartedMain] INFO  [noTrace] c.ex.subscribe.SubscribeApplication - Starting SubscribeApplication using Java 17.0.15 with PID 21632 (C:\Users\pan\Desktop\subscribe\build\classes\java\main started by pan in C:\Users\pan\Desktop\subscribe)
2025-12-06 00:08:30.748 [restartedMain] INFO  [noTrace] c.ex.subscribe.SubscribeApplication - The following 1 profile is active: "local"
2025-12-06 00:08:30.797 [restartedMain] INFO  [noTrace] o.s.b.d.e.DevToolsPropertyDefaultsPostProcessor - Devtools property defaults active! Set 'spring.devtools.add-properties' to 'false' to disable
2025-12-06 00:08:30.797 [restartedMain] INFO  [noTrace] o.s.b.d.e.DevToolsPropertyDefaultsPostProcessor - For additional web related logging consider setting the 'logging.level.web' property to 'DEBUG'
2025-12-06 00:08:31.726 [restartedMain] INFO  [noTrace] o.s.d.r.c.RepositoryConfigurationDelegate - Bootstrapping Spring Data JPA repositories in DEFAULT mode.
2025-12-06 00:08:31.813 [restartedMain] INFO  [noTrace] o.s.d.r.c.RepositoryConfigurationDelegate - Finished Spring Data repository scanning in 76 ms. Found 1 JPA repository interface.
2025-12-06 00:08:32.782 [restartedMain] INFO  [noTrace] o.s.b.w.e.tomcat.TomcatWebServer - Tomcat initialized with port 8080 (http)
2025-12-06 00:08:32.795 [restartedMain] INFO  [noTrace] o.a.coyote.http11.Http11NioProtocol - Initializing ProtocolHandler ["http-nio-8080"]
2025-12-06 00:08:32.797 [restartedMain] INFO  [noTrace] o.a.catalina.core.StandardService - Starting service [Tomcat]
2025-12-06 00:08:32.797 [restartedMain] INFO  [noTrace] o.a.catalina.core.StandardEngine - Starting Servlet engine: [Apache Tomcat/10.1.48]
2025-12-06 00:08:32.860 [restartedMain] INFO  [noTrace] o.a.c.c.C.[Tomcat].[localhost].[/] - Initializing Spring embedded WebApplicationContext
2025-12-06 00:08:32.860 [restartedMain] INFO  [noTrace] o.s.b.w.s.c.ServletWebServerApplicationContext - Root WebApplicationContext: initialization completed in 2062 ms
2025-12-06 00:08:33.102 [restartedMain] INFO  [noTrace] o.h.jpa.internal.util.LogHelper - HHH000204: Processing PersistenceUnitInfo [name: default]
2025-12-06 00:08:33.160 [restartedMain] INFO  [noTrace] org.hibernate.Version - HHH000412: Hibernate ORM core version 6.6.33.Final
2025-12-06 00:08:33.200 [restartedMain] INFO  [noTrace] o.h.c.i.RegionFactoryInitiator - HHH000026: Second-level cache disabled
2025-12-06 00:08:33.530 [restartedMain] INFO  [noTrace] o.s.o.j.p.SpringPersistenceUnitInfo - No LoadTimeWeaver setup: ignoring JPA class transformer
2025-12-06 00:08:33.564 [restartedMain] INFO  [noTrace] com.zaxxer.hikari.HikariDataSource - HikariPool-1 - Starting...
2025-12-06 00:08:33.762 [restartedMain] INFO  [noTrace] com.zaxxer.hikari.pool.HikariPool - HikariPool-1 - Added connection org.postgresql.jdbc.PgConnection@2b003a3
2025-12-06 00:08:33.765 [restartedMain] INFO  [noTrace] com.zaxxer.hikari.HikariDataSource - HikariPool-1 - Start completed.
2025-12-06 00:08:33.805 [restartedMain] WARN  [noTrace] org.hibernate.orm.deprecation - HHH90000025: PostgreSQLDialect does not need to be specified explicitly using 'hibernate.dialect' (remove the property setting and it will be selected by default)
2025-12-06 00:08:33.827 [restartedMain] INFO  [noTrace] o.hibernate.orm.connections.pooling - HHH10001005: Database info:
	Database JDBC URL [Connecting through datasource 'HikariDataSource (HikariPool-1)']
	Database driver: undefined/unknown
	Database version: 14.6
	Autocommit mode: undefined/unknown
	Isolation level: undefined/unknown
	Minimum pool size: undefined/unknown
	Maximum pool size: undefined/unknown
2025-12-06 00:08:35.059 [restartedMain] INFO  [noTrace] o.h.e.t.j.p.i.JtaPlatformInitiator - HHH000489: No JTA platform available (set 'hibernate.transaction.jta.platform' to enable JTA platform integration)
2025-12-06 00:08:35.120 [restartedMain] INFO  [noTrace] o.s.o.j.LocalContainerEntityManagerFactoryBean - Initialized JPA EntityManagerFactory for persistence unit 'default'
2025-12-06 00:08:35.545 [restartedMain] INFO  [noTrace] o.s.b.a.w.s.WelcomePageHandlerMapping - Adding welcome page: class path resource [static/index.html]
2025-12-06 00:08:35.788 [restartedMain] WARN  [noTrace] o.s.b.a.s.s.UserDetailsServiceAutoConfiguration - 

Using generated security password: 91a15e0d-bbd9-4eac-90e9-99f8192c7a0e

This generated password is for development use only. Your security configuration must be updated before running your application in production.

2025-12-06 00:08:35.799 [restartedMain] INFO  [noTrace] o.s.s.c.a.a.c.InitializeUserDetailsBeanManagerConfigurer$InitializeUserDetailsManagerConfigurer - Global AuthenticationManager configured with UserDetailsService bean with name inMemoryUserDetailsManager
2025-12-06 00:08:36.398 [restartedMain] INFO  [noTrace] o.s.b.d.a.OptionalLiveReloadServer - LiveReload server is running on port 35729
2025-12-06 00:08:36.424 [restartedMain] INFO  [noTrace] o.a.coyote.http11.Http11NioProtocol - Starting ProtocolHandler ["http-nio-8080"]
2025-12-06 00:08:36.447 [restartedMain] INFO  [noTrace] o.s.b.w.e.tomcat.TomcatWebServer - Tomcat started on port 8080 (http) with context path '/'
2025-12-06 00:08:36.457 [restartedMain] INFO  [noTrace] c.ex.subscribe.SubscribeApplication - Started SubscribeApplication in 6.394 seconds (process running for 7.123)
2025-12-06 00:08:46.396 [http-nio-8080-exec-3] INFO  [noTrace] o.a.c.c.C.[Tomcat].[localhost].[/] - Initializing Spring DispatcherServlet 'dispatcherServlet'
2025-12-06 00:08:46.397 [http-nio-8080-exec-3] INFO  [noTrace] o.s.web.servlet.DispatcherServlet - Initializing Servlet 'dispatcherServlet'
2025-12-06 00:08:46.399 [http-nio-8080-exec-3] INFO  [noTrace] o.s.web.servlet.DispatcherServlet - Completed initialization in 2 ms
2025-12-06 00:08:46.443 [http-nio-8080-exec-3] INFO  [aa0f4f3d] c.e.s.g.logging.LoggingInterceptor - [Request] POST /users UserRestController#signUp
2025-12-06 00:08:46.605 [http-nio-8080-exec-3] INFO  [aa0f4f3d] c.e.s.global.logging.LoggingAop - [Request] com.ex.subscribe.user.UserRestController#signUp args=[com.ex.subscribe.user.UserRequest@efda06]
2025-12-06 00:08:46.660 [http-nio-8080-exec-3] INFO  [aa0f4f3d] c.e.s.global.logging.LoggingAop - [Request] com.ex.subscribe.user.DefaultUserService#signUp args=[com.ex.subscribe.user.UserRequest@efda06]
2025-12-06 00:08:46.662 [http-nio-8080-exec-3] INFO  [aa0f4f3d] c.e.s.global.logging.LoggingAop - [Request] com.ex.subscribe.user.UserQueryRepository#existsByEmail args=[suka3@gmail.com]
2025-12-06 00:08:47.189 [http-nio-8080-exec-3] INFO  [aa0f4f3d] c.e.s.global.logging.LoggingAop - [Response] com.ex.subscribe.user.UserQueryRepository#existsByEmail result=java.lang.Boolean duration=527
2025-12-06 00:08:47.190 [http-nio-8080-exec-3] ERROR [aa0f4f3d] c.e.s.global.logging.LoggingAop - [Error] com.ex.subscribe.user.DefaultUserService#signUp ex=com.ex.subscribe.user.UserException
2025-12-06 00:08:47.198 [http-nio-8080-exec-3] ERROR [aa0f4f3d] c.e.s.global.logging.LoggingAop - [Error] com.ex.subscribe.user.UserRestController#signUp ex=com.ex.subscribe.user.UserException
2025-12-06 00:08:47.245 [http-nio-8080-exec-3] WARN  [aa0f4f3d] o.s.w.s.m.m.a.ExceptionHandlerExceptionResolver - Resolved [com.ex.subscribe.user.UserException]
2025-12-06 00:08:47.246 [http-nio-8080-exec-3] INFO  [aa0f4f3d] c.e.s.g.logging.LoggingInterceptor - [Response] /users duration=804ms
2025-12-06 00:08:51.025 [http-nio-8080-exec-4] INFO  [0342dd6e] c.e.s.g.logging.LoggingInterceptor - [Request] POST /users UserRestController#signUp
2025-12-06 00:08:51.028 [http-nio-8080-exec-4] INFO  [0342dd6e] c.e.s.global.logging.LoggingAop - [Request] com.ex.subscribe.user.UserRestController#signUp args=[com.ex.subscribe.user.UserRequest@f0c0909]
2025-12-06 00:08:51.030 [http-nio-8080-exec-4] INFO  [0342dd6e] c.e.s.global.logging.LoggingAop - [Request] com.ex.subscribe.user.DefaultUserService#signUp args=[com.ex.subscribe.user.UserRequest@f0c0909]
2025-12-06 00:08:51.030 [http-nio-8080-exec-4] INFO  [0342dd6e] c.e.s.global.logging.LoggingAop - [Request] com.ex.subscribe.user.UserQueryRepository#existsByEmail args=[suka3@gmail.com]
2025-12-06 00:08:51.033 [http-nio-8080-exec-4] INFO  [0342dd6e] c.e.s.global.logging.LoggingAop - [Response] com.ex.subscribe.user.UserQueryRepository#existsByEmail result=java.lang.Boolean duration=3
2025-12-06 00:08:51.033 [http-nio-8080-exec-4] ERROR [0342dd6e] c.e.s.global.logging.LoggingAop - [Error] com.ex.subscribe.user.DefaultUserService#signUp ex=com.ex.subscribe.user.UserException
2025-12-06 00:08:51.034 [http-nio-8080-exec-4] ERROR [0342dd6e] c.e.s.global.logging.LoggingAop - [Error] com.ex.subscribe.user.UserRestController#signUp ex=com.ex.subscribe.user.UserException
2025-12-06 00:08:51.058 [http-nio-8080-exec-4] WARN  [0342dd6e] o.s.w.s.m.m.a.ExceptionHandlerExceptionResolver - Resolved [com.ex.subscribe.user.UserException]
2025-12-06 00:08:51.059 [http-nio-8080-exec-4] INFO  [0342dd6e] c.e.s.g.logging.LoggingInterceptor - [Response] /users duration=34ms
2025-12-06 00:09:42.568 [http-nio-8080-exec-10] INFO  [5359ff58] c.e.s.g.logging.LoggingInterceptor - [Request] POST /users UserRestController#signUp
2025-12-06 00:09:42.572 [http-nio-8080-exec-10] WARN  [5359ff58] o.s.w.s.m.s.DefaultHandlerExceptionResolver - Resolved [org.springframework.http.converter.HttpMessageNotReadableException: JSON parse error: Illegal unquoted character ((CTRL-CHAR, code 13)): has to be escaped using backslash to be included in string value]
2025-12-06 00:09:42.572 [http-nio-8080-exec-10] INFO  [5359ff58] c.e.s.g.logging.LoggingInterceptor - [Response] /users duration=4ms
2025-12-06 00:09:42.581 [http-nio-8080-exec-10] INFO  [noTrace] c.e.s.global.logging.LoggingAop - [Request] org.springframework.boot.autoconfigure.web.servlet.error.BasicErrorController#error args=[SecurityContextHolderAwareRequestWrapper[ FirewalledRequest[ org.apache.catalina.core.ApplicationHttpRequest@773a432f]]]
2025-12-06 00:09:42.584 [http-nio-8080-exec-10] INFO  [noTrace] c.e.s.global.logging.LoggingAop - [Response] org.springframework.boot.autoconfigure.web.servlet.error.BasicErrorController#error result=org.springframework.http.ResponseEntity duration=3
2025-12-06 00:12:06.329 [http-nio-8080-exec-8] INFO  [9a851813] c.e.s.g.logging.LoggingInterceptor - [Request] POST /users UserRestController#signUp
2025-12-06 00:12:06.330 [http-nio-8080-exec-8] INFO  [9a851813] c.e.s.global.logging.LoggingAop - [Request] com.ex.subscribe.user.UserRestController#signUp args=[com.ex.subscribe.user.UserRequest@19f1396a]
2025-12-06 00:12:06.331 [http-nio-8080-exec-8] INFO  [9a851813] c.e.s.global.logging.LoggingAop - [Request] com.ex.subscribe.user.DefaultUserService#signUp args=[com.ex.subscribe.user.UserRequest@19f1396a]
2025-12-06 00:12:06.331 [http-nio-8080-exec-8] INFO  [9a851813] c.e.s.global.logging.LoggingAop - [Request] com.ex.subscribe.user.UserQueryRepository#existsByEmail args=[suka4@gmail.com]
2025-12-06 00:12:06.333 [http-nio-8080-exec-8] INFO  [9a851813] c.e.s.global.logging.LoggingAop - [Response] com.ex.subscribe.user.UserQueryRepository#existsByEmail result=java.lang.Boolean duration=2
2025-12-06 00:12:06.334 [http-nio-8080-exec-8] INFO  [9a851813] c.e.s.global.logging.LoggingAop - [Request] com.ex.subscribe.user.UserQueryRepository#existsByPhone args=[01012345602]
2025-12-06 00:12:06.336 [http-nio-8080-exec-8] INFO  [9a851813] c.e.s.global.logging.LoggingAop - [Response] com.ex.subscribe.user.UserQueryRepository#existsByPhone result=java.lang.Boolean duration=2
2025-12-06 00:12:06.490 [http-nio-8080-exec-8] INFO  [9a851813] c.e.s.global.logging.LoggingAop - [Response] com.ex.subscribe.user.DefaultUserService#signUp result=com.ex.subscribe.user.UserResponse duration=159
2025-12-06 00:12:06.515 [http-nio-8080-exec-8] INFO  [9a851813] c.e.s.global.logging.LoggingAop - [Response] com.ex.subscribe.user.UserRestController#signUp result=org.springframework.http.ResponseEntity duration=185
2025-12-06 00:12:06.517 [http-nio-8080-exec-8] INFO  [9a851813] c.e.s.g.logging.LoggingInterceptor - [Response] /users duration=188ms
2025-12-06 00:12:43.401 [SpringApplicationShutdownHook] INFO  [noTrace] o.s.b.w.e.tomcat.GracefulShutdown - Commencing graceful shutdown. Waiting for active requests to complete
2025-12-06 00:12:44.299 [tomcat-shutdown] INFO  [noTrace] o.s.b.w.e.tomcat.GracefulShutdown - Graceful shutdown complete
2025-12-06 00:12:44.304 [SpringApplicationShutdownHook] INFO  [noTrace] o.s.o.j.LocalContainerEntityManagerFactoryBean - Closing JPA EntityManagerFactory for persistence unit 'default'
2025-12-06 00:12:44.307 [SpringApplicationShutdownHook] INFO  [noTrace] com.zaxxer.hikari.HikariDataSource - HikariPool-1 - Shutdown initiated...
2025-12-06 00:12:44.310 [SpringApplicationShutdownHook] INFO  [noTrace] com.zaxxer.hikari.HikariDataSource - HikariPool-1 - Shutdown completed.
